[0.302s] Invoking command in '/home/ubuntu/ros2_ws/src/my_bot/build/my_bot': CMAKE_PREFIX_PATH=${CMAKE_PREFIX_PATH}:/home/ubuntu/ros2_ws/install/launch_testing_examples:/home/ubuntu/ros2_ws/install/examples_rclpy_pointcloud_publisher:/home/ubuntu/ros2_ws/install/examples_rclpy_minimal_subscriber:/home/ubuntu/ros2_ws/install/examples_rclpy_minimal_service:/home/ubuntu/ros2_ws/install/examples_rclpy_minimal_publisher:/home/ubuntu/ros2_ws/install/examples_rclpy_minimal_client:/home/ubuntu/ros2_ws/install/examples_rclpy_minimal_action_server:/home/ubuntu/ros2_ws/install/examples_rclpy_minimal_action_client:/home/ubuntu/ros2_ws/install/examples_rclpy_guard_conditions:/home/ubuntu/ros2_ws/install/examples_rclpy_executors:/opt/ros/humble /usr/bin/cmake --build /home/ubuntu/ros2_ws/src/my_bot/build/my_bot -- -j8 -l8
[9.288s] Invoked command in '/home/ubuntu/ros2_ws/src/my_bot/build/my_bot' returned '0': CMAKE_PREFIX_PATH=${CMAKE_PREFIX_PATH}:/home/ubuntu/ros2_ws/install/launch_testing_examples:/home/ubuntu/ros2_ws/install/examples_rclpy_pointcloud_publisher:/home/ubuntu/ros2_ws/install/examples_rclpy_minimal_subscriber:/home/ubuntu/ros2_ws/install/examples_rclpy_minimal_service:/home/ubuntu/ros2_ws/install/examples_rclpy_minimal_publisher:/home/ubuntu/ros2_ws/install/examples_rclpy_minimal_client:/home/ubuntu/ros2_ws/install/examples_rclpy_minimal_action_server:/home/ubuntu/ros2_ws/install/examples_rclpy_minimal_action_client:/home/ubuntu/ros2_ws/install/examples_rclpy_guard_conditions:/home/ubuntu/ros2_ws/install/examples_rclpy_executors:/opt/ros/humble /usr/bin/cmake --build /home/ubuntu/ros2_ws/src/my_bot/build/my_bot -- -j8 -l8
[9.341s] Invoking command in '/home/ubuntu/ros2_ws/src/my_bot/build/my_bot': CMAKE_PREFIX_PATH=${CMAKE_PREFIX_PATH}:/home/ubuntu/ros2_ws/install/launch_testing_examples:/home/ubuntu/ros2_ws/install/examples_rclpy_pointcloud_publisher:/home/ubuntu/ros2_ws/install/examples_rclpy_minimal_subscriber:/home/ubuntu/ros2_ws/install/examples_rclpy_minimal_service:/home/ubuntu/ros2_ws/install/examples_rclpy_minimal_publisher:/home/ubuntu/ros2_ws/install/examples_rclpy_minimal_client:/home/ubuntu/ros2_ws/install/examples_rclpy_minimal_action_server:/home/ubuntu/ros2_ws/install/examples_rclpy_minimal_action_client:/home/ubuntu/ros2_ws/install/examples_rclpy_guard_conditions:/home/ubuntu/ros2_ws/install/examples_rclpy_executors:/opt/ros/humble /usr/bin/cmake --install /home/ubuntu/ros2_ws/src/my_bot/build/my_bot
[9.382s] -- Install configuration: ""
[9.432s] -- Execute custom install script
[9.455s] -- Up-to-date symlink: /home/ubuntu/ros2_ws/src/my_bot/install/my_bot/share/my_bot/config/empty.yaml
[9.456s] -- Up-to-date symlink: /home/ubuntu/ros2_ws/src/my_bot/install/my_bot/share/my_bot/config/view_bot.rviz
[9.456s] -- Up-to-date symlink: /home/ubuntu/ros2_ws/src/my_bot/install/my_bot/share/my_bot/description/gazebo_core.xacro
[9.456s] -- Up-to-date symlink: /home/ubuntu/ros2_ws/src/my_bot/install/my_bot/share/my_bot/description/inertial_macros.xacro
[9.456s] -- Up-to-date symlink: /home/ubuntu/ros2_ws/src/my_bot/install/my_bot/share/my_bot/description/robot.urdf.xacro
[9.456s] -- Up-to-date symlink: /home/ubuntu/ros2_ws/src/my_bot/install/my_bot/share/my_bot/description/robot_core.xacro
[9.457s] -- Up-to-date symlink: /home/ubuntu/ros2_ws/src/my_bot/install/my_bot/share/my_bot/launch/launch_sim.launch.py
[9.457s] -- Up-to-date symlink: /home/ubuntu/ros2_ws/src/my_bot/install/my_bot/share/my_bot/launch/rsp.launch.py
[9.457s] -- Up-to-date symlink: /home/ubuntu/ros2_ws/src/my_bot/install/my_bot/share/my_bot/worlds/empty.world
[9.458s] -- Up-to-date symlink: /home/ubuntu/ros2_ws/src/my_bot/install/my_bot/share/ament_index/resource_index/package_run_dependencies/my_bot
[9.458s] -- Up-to-date symlink: /home/ubuntu/ros2_ws/src/my_bot/install/my_bot/share/ament_index/resource_index/parent_prefix_path/my_bot
[9.458s] -- Up-to-date symlink: /home/ubuntu/ros2_ws/src/my_bot/install/my_bot/share/my_bot/environment/ament_prefix_path.sh
[9.459s] -- Up-to-date symlink: /home/ubuntu/ros2_ws/src/my_bot/install/my_bot/share/my_bot/environment/ament_prefix_path.dsv
[9.459s] -- Up-to-date symlink: /home/ubuntu/ros2_ws/src/my_bot/install/my_bot/share/my_bot/environment/path.sh
[9.459s] -- Up-to-date symlink: /home/ubuntu/ros2_ws/src/my_bot/install/my_bot/share/my_bot/environment/path.dsv
[9.460s] -- Up-to-date symlink: /home/ubuntu/ros2_ws/src/my_bot/install/my_bot/share/my_bot/local_setup.bash
[9.460s] -- Up-to-date symlink: /home/ubuntu/ros2_ws/src/my_bot/install/my_bot/share/my_bot/local_setup.sh
[9.460s] -- Up-to-date symlink: /home/ubuntu/ros2_ws/src/my_bot/install/my_bot/share/my_bot/local_setup.zsh
[9.460s] -- Up-to-date symlink: /home/ubuntu/ros2_ws/src/my_bot/install/my_bot/share/my_bot/local_setup.dsv
[9.460s] -- Symlinking: /home/ubuntu/ros2_ws/src/my_bot/install/my_bot/share/my_bot/package.dsv
[9.481s] -- Up-to-date symlink: /home/ubuntu/ros2_ws/src/my_bot/install/my_bot/share/ament_index/resource_index/packages/my_bot
[9.481s] -- Up-to-date symlink: /home/ubuntu/ros2_ws/src/my_bot/install/my_bot/share/my_bot/cmake/my_botConfig.cmake
[9.482s] -- Up-to-date symlink: /home/ubuntu/ros2_ws/src/my_bot/install/my_bot/share/my_bot/cmake/my_botConfig-version.cmake
[9.482s] -- Up-to-date symlink: /home/ubuntu/ros2_ws/src/my_bot/install/my_bot/share/my_bot/package.xml
[9.483s] Invoked command in '/home/ubuntu/ros2_ws/src/my_bot/build/my_bot' returned '0': CMAKE_PREFIX_PATH=${CMAKE_PREFIX_PATH}:/home/ubuntu/ros2_ws/install/launch_testing_examples:/home/ubuntu/ros2_ws/install/examples_rclpy_pointcloud_publisher:/home/ubuntu/ros2_ws/install/examples_rclpy_minimal_subscriber:/home/ubuntu/ros2_ws/install/examples_rclpy_minimal_service:/home/ubuntu/ros2_ws/install/examples_rclpy_minimal_publisher:/home/ubuntu/ros2_ws/install/examples_rclpy_minimal_client:/home/ubuntu/ros2_ws/install/examples_rclpy_minimal_action_server:/home/ubuntu/ros2_ws/install/examples_rclpy_minimal_action_client:/home/ubuntu/ros2_ws/install/examples_rclpy_guard_conditions:/home/ubuntu/ros2_ws/install/examples_rclpy_executors:/opt/ros/humble /usr/bin/cmake --install /home/ubuntu/ros2_ws/src/my_bot/build/my_bot
