[0.023s] Invoking command in '/home/ubuntu/ros2_ws/src/my_bot/build/my_bot': CMAKE_PREFIX_PATH=${CMAKE_PREFIX_PATH}:/home/ubuntu/ros2_ws/install/launch_testing_examples:/home/ubuntu/ros2_ws/install/examples_rclpy_pointcloud_publisher:/home/ubuntu/ros2_ws/install/examples_rclpy_minimal_subscriber:/home/ubuntu/ros2_ws/install/examples_rclpy_minimal_service:/home/ubuntu/ros2_ws/install/examples_rclpy_minimal_publisher:/home/ubuntu/ros2_ws/install/examples_rclpy_minimal_client:/home/ubuntu/ros2_ws/install/examples_rclpy_minimal_action_server:/home/ubuntu/ros2_ws/install/examples_rclpy_minimal_action_client:/home/ubuntu/ros2_ws/install/examples_rclpy_guard_conditions:/home/ubuntu/ros2_ws/install/examples_rclpy_executors:/opt/ros/humble /usr/bin/cmake /home/ubuntu/ros2_ws/src/my_bot -DCMAKE_INSTALL_PREFIX=/home/ubuntu/ros2_ws/src/my_bot/install/my_bot
[0.031s] -- Found ament_cmake: 1.3.11 (/opt/ros/humble/share/ament_cmake/cmake)
[0.149s] -- Override CMake install command with custom implementation using symlinks instead of copying resources
[0.161s] -- Found ament_lint_auto: 0.12.11 (/opt/ros/humble/share/ament_lint_auto/cmake)
[0.226s] -- Added test 'copyright' to check source files copyright and LICENSE
[0.279s] -- Added test 'cppcheck' to perform static code analysis on C / C++ code
[0.280s] -- Configured cppcheck include dirs: 
[0.280s] -- Configured cppcheck exclude dirs and/or files: 
[0.325s] -- Added test 'cpplint' to check C / C++ code against the Google style
[0.325s] -- Configured cpplint exclude dirs and/or files: 
[0.332s] -- Added test 'flake8' to check Python code syntax and style conventions
[0.344s] -- Added test 'lint_cmake' to check CMake code style
[0.349s] -- Added test 'pep257' to check Python code against some of the docstring style conventions in PEP 257
[0.407s] -- Added test 'uncrustify' to check C / C++ code style
[0.407s] -- Configured uncrustify additional arguments: 
[0.423s] -- Added test 'xmllint' to check XML markup files
[0.434s] -- Configuring done
[0.445s] -- Generating done
[0.447s] -- Build files have been written to: /home/ubuntu/ros2_ws/src/my_bot/build/my_bot
[0.449s] Invoked command in '/home/ubuntu/ros2_ws/src/my_bot/build/my_bot' returned '0': CMAKE_PREFIX_PATH=${CMAKE_PREFIX_PATH}:/home/ubuntu/ros2_ws/install/launch_testing_examples:/home/ubuntu/ros2_ws/install/examples_rclpy_pointcloud_publisher:/home/ubuntu/ros2_ws/install/examples_rclpy_minimal_subscriber:/home/ubuntu/ros2_ws/install/examples_rclpy_minimal_service:/home/ubuntu/ros2_ws/install/examples_rclpy_minimal_publisher:/home/ubuntu/ros2_ws/install/examples_rclpy_minimal_client:/home/ubuntu/ros2_ws/install/examples_rclpy_minimal_action_server:/home/ubuntu/ros2_ws/install/examples_rclpy_minimal_action_client:/home/ubuntu/ros2_ws/install/examples_rclpy_guard_conditions:/home/ubuntu/ros2_ws/install/examples_rclpy_executors:/opt/ros/humble /usr/bin/cmake /home/ubuntu/ros2_ws/src/my_bot -DCMAKE_INSTALL_PREFIX=/home/ubuntu/ros2_ws/src/my_bot/install/my_bot
[0.450s] Invoking command in '/home/ubuntu/ros2_ws/src/my_bot/build/my_bot': CMAKE_PREFIX_PATH=${CMAKE_PREFIX_PATH}:/home/ubuntu/ros2_ws/install/launch_testing_examples:/home/ubuntu/ros2_ws/install/examples_rclpy_pointcloud_publisher:/home/ubuntu/ros2_ws/install/examples_rclpy_minimal_subscriber:/home/ubuntu/ros2_ws/install/examples_rclpy_minimal_service:/home/ubuntu/ros2_ws/install/examples_rclpy_minimal_publisher:/home/ubuntu/ros2_ws/install/examples_rclpy_minimal_client:/home/ubuntu/ros2_ws/install/examples_rclpy_minimal_action_server:/home/ubuntu/ros2_ws/install/examples_rclpy_minimal_action_client:/home/ubuntu/ros2_ws/install/examples_rclpy_guard_conditions:/home/ubuntu/ros2_ws/install/examples_rclpy_executors:/opt/ros/humble /usr/bin/cmake --build /home/ubuntu/ros2_ws/src/my_bot/build/my_bot -- -j8 -l8
[0.475s] Invoked command in '/home/ubuntu/ros2_ws/src/my_bot/build/my_bot' returned '0': CMAKE_PREFIX_PATH=${CMAKE_PREFIX_PATH}:/home/ubuntu/ros2_ws/install/launch_testing_examples:/home/ubuntu/ros2_ws/install/examples_rclpy_pointcloud_publisher:/home/ubuntu/ros2_ws/install/examples_rclpy_minimal_subscriber:/home/ubuntu/ros2_ws/install/examples_rclpy_minimal_service:/home/ubuntu/ros2_ws/install/examples_rclpy_minimal_publisher:/home/ubuntu/ros2_ws/install/examples_rclpy_minimal_client:/home/ubuntu/ros2_ws/install/examples_rclpy_minimal_action_server:/home/ubuntu/ros2_ws/install/examples_rclpy_minimal_action_client:/home/ubuntu/ros2_ws/install/examples_rclpy_guard_conditions:/home/ubuntu/ros2_ws/install/examples_rclpy_executors:/opt/ros/humble /usr/bin/cmake --build /home/ubuntu/ros2_ws/src/my_bot/build/my_bot -- -j8 -l8
[0.481s] Invoking command in '/home/ubuntu/ros2_ws/src/my_bot/build/my_bot': CMAKE_PREFIX_PATH=${CMAKE_PREFIX_PATH}:/home/ubuntu/ros2_ws/install/launch_testing_examples:/home/ubuntu/ros2_ws/install/examples_rclpy_pointcloud_publisher:/home/ubuntu/ros2_ws/install/examples_rclpy_minimal_subscriber:/home/ubuntu/ros2_ws/install/examples_rclpy_minimal_service:/home/ubuntu/ros2_ws/install/examples_rclpy_minimal_publisher:/home/ubuntu/ros2_ws/install/examples_rclpy_minimal_client:/home/ubuntu/ros2_ws/install/examples_rclpy_minimal_action_server:/home/ubuntu/ros2_ws/install/examples_rclpy_minimal_action_client:/home/ubuntu/ros2_ws/install/examples_rclpy_guard_conditions:/home/ubuntu/ros2_ws/install/examples_rclpy_executors:/opt/ros/humble /usr/bin/cmake --install /home/ubuntu/ros2_ws/src/my_bot/build/my_bot
[0.486s] -- Install configuration: ""
[0.487s] -- Execute custom install script
[0.487s] -- Up-to-date symlink: /home/ubuntu/ros2_ws/src/my_bot/install/my_bot/share/my_bot/config/empty.yaml
[0.487s] -- Up-to-date symlink: /home/ubuntu/ros2_ws/src/my_bot/install/my_bot/share/my_bot/config/view_bot.rviz
[0.488s] -- Up-to-date symlink: /home/ubuntu/ros2_ws/src/my_bot/install/my_bot/share/my_bot/description/gazebo_core.xacro
[0.488s] -- Up-to-date symlink: /home/ubuntu/ros2_ws/src/my_bot/install/my_bot/share/my_bot/description/inertial_macros.xacro
[0.488s] -- Up-to-date symlink: /home/ubuntu/ros2_ws/src/my_bot/install/my_bot/share/my_bot/description/robot.urdf.xacro
[0.488s] -- Up-to-date symlink: /home/ubuntu/ros2_ws/src/my_bot/install/my_bot/share/my_bot/description/robot_core.xacro
[0.488s] -- Up-to-date symlink: /home/ubuntu/ros2_ws/src/my_bot/install/my_bot/share/my_bot/launch/launch_sim.launch.py
[0.488s] -- Up-to-date symlink: /home/ubuntu/ros2_ws/src/my_bot/install/my_bot/share/my_bot/launch/rsp.launch.py
[0.489s] -- Up-to-date symlink: /home/ubuntu/ros2_ws/src/my_bot/install/my_bot/share/my_bot/worlds/empty.world
[0.489s] -- Up-to-date symlink: /home/ubuntu/ros2_ws/src/my_bot/install/my_bot/share/ament_index/resource_index/package_run_dependencies/my_bot
[0.489s] -- Up-to-date symlink: /home/ubuntu/ros2_ws/src/my_bot/install/my_bot/share/ament_index/resource_index/parent_prefix_path/my_bot
[0.489s] -- Up-to-date symlink: /home/ubuntu/ros2_ws/src/my_bot/install/my_bot/share/my_bot/environment/ament_prefix_path.sh
[0.490s] -- Up-to-date symlink: /home/ubuntu/ros2_ws/src/my_bot/install/my_bot/share/my_bot/environment/ament_prefix_path.dsv
[0.490s] -- Up-to-date symlink: /home/ubuntu/ros2_ws/src/my_bot/install/my_bot/share/my_bot/environment/path.sh
[0.490s] -- Up-to-date symlink: /home/ubuntu/ros2_ws/src/my_bot/install/my_bot/share/my_bot/environment/path.dsv
[0.490s] -- Up-to-date symlink: /home/ubuntu/ros2_ws/src/my_bot/install/my_bot/share/my_bot/local_setup.bash
[0.490s] -- Up-to-date symlink: /home/ubuntu/ros2_ws/src/my_bot/install/my_bot/share/my_bot/local_setup.sh
[0.490s] -- Up-to-date symlink: /home/ubuntu/ros2_ws/src/my_bot/install/my_bot/share/my_bot/local_setup.zsh
[0.491s] -- Up-to-date symlink: /home/ubuntu/ros2_ws/src/my_bot/install/my_bot/share/my_bot/local_setup.dsv
[0.491s] -- Symlinking: /home/ubuntu/ros2_ws/src/my_bot/install/my_bot/share/my_bot/package.dsv
[0.503s] -- Up-to-date symlink: /home/ubuntu/ros2_ws/src/my_bot/install/my_bot/share/ament_index/resource_index/packages/my_bot
[0.503s] -- Up-to-date symlink: /home/ubuntu/ros2_ws/src/my_bot/install/my_bot/share/my_bot/cmake/my_botConfig.cmake
[0.503s] -- Up-to-date symlink: /home/ubuntu/ros2_ws/src/my_bot/install/my_bot/share/my_bot/cmake/my_botConfig-version.cmake
[0.503s] -- Up-to-date symlink: /home/ubuntu/ros2_ws/src/my_bot/install/my_bot/share/my_bot/package.xml
[0.505s] Invoked command in '/home/ubuntu/ros2_ws/src/my_bot/build/my_bot' returned '0': CMAKE_PREFIX_PATH=${CMAKE_PREFIX_PATH}:/home/ubuntu/ros2_ws/install/launch_testing_examples:/home/ubuntu/ros2_ws/install/examples_rclpy_pointcloud_publisher:/home/ubuntu/ros2_ws/install/examples_rclpy_minimal_subscriber:/home/ubuntu/ros2_ws/install/examples_rclpy_minimal_service:/home/ubuntu/ros2_ws/install/examples_rclpy_minimal_publisher:/home/ubuntu/ros2_ws/install/examples_rclpy_minimal_client:/home/ubuntu/ros2_ws/install/examples_rclpy_minimal_action_server:/home/ubuntu/ros2_ws/install/examples_rclpy_minimal_action_client:/home/ubuntu/ros2_ws/install/examples_rclpy_guard_conditions:/home/ubuntu/ros2_ws/install/examples_rclpy_executors:/opt/ros/humble /usr/bin/cmake --install /home/ubuntu/ros2_ws/src/my_bot/build/my_bot
