[0.256s] Invoking command in '/home/ubuntu/ros2_ws/src/my_bot/build/my_bot': CMAKE_PREFIX_PATH=${CMAKE_PREFIX_PATH}:/home/ubuntu/ros2_ws/install/launch_testing_examples:/home/ubuntu/ros2_ws/install/examples_rclpy_pointcloud_publisher:/home/ubuntu/ros2_ws/install/examples_rclpy_minimal_subscriber:/home/ubuntu/ros2_ws/install/examples_rclpy_minimal_service:/home/ubuntu/ros2_ws/install/examples_rclpy_minimal_publisher:/home/ubuntu/ros2_ws/install/examples_rclpy_minimal_client:/home/ubuntu/ros2_ws/install/examples_rclpy_minimal_action_server:/home/ubuntu/ros2_ws/install/examples_rclpy_minimal_action_client:/home/ubuntu/ros2_ws/install/examples_rclpy_guard_conditions:/home/ubuntu/ros2_ws/install/examples_rclpy_executors:/opt/ros/humble /usr/bin/cmake --build /home/ubuntu/ros2_ws/src/my_bot/build/my_bot -- -j8 -l8
[0.308s] Invoked command in '/home/ubuntu/ros2_ws/src/my_bot/build/my_bot' returned '0': CMAKE_PREFIX_PATH=${CMAKE_PREFIX_PATH}:/home/ubuntu/ros2_ws/install/launch_testing_examples:/home/ubuntu/ros2_ws/install/examples_rclpy_pointcloud_publisher:/home/ubuntu/ros2_ws/install/examples_rclpy_minimal_subscriber:/home/ubuntu/ros2_ws/install/examples_rclpy_minimal_service:/home/ubuntu/ros2_ws/install/examples_rclpy_minimal_publisher:/home/ubuntu/ros2_ws/install/examples_rclpy_minimal_client:/home/ubuntu/ros2_ws/install/examples_rclpy_minimal_action_server:/home/ubuntu/ros2_ws/install/examples_rclpy_minimal_action_client:/home/ubuntu/ros2_ws/install/examples_rclpy_guard_conditions:/home/ubuntu/ros2_ws/install/examples_rclpy_executors:/opt/ros/humble /usr/bin/cmake --build /home/ubuntu/ros2_ws/src/my_bot/build/my_bot -- -j8 -l8
[0.317s] Invoking command in '/home/ubuntu/ros2_ws/src/my_bot/build/my_bot': CMAKE_PREFIX_PATH=${CMAKE_PREFIX_PATH}:/home/ubuntu/ros2_ws/install/launch_testing_examples:/home/ubuntu/ros2_ws/install/examples_rclpy_pointcloud_publisher:/home/ubuntu/ros2_ws/install/examples_rclpy_minimal_subscriber:/home/ubuntu/ros2_ws/install/examples_rclpy_minimal_service:/home/ubuntu/ros2_ws/install/examples_rclpy_minimal_publisher:/home/ubuntu/ros2_ws/install/examples_rclpy_minimal_client:/home/ubuntu/ros2_ws/install/examples_rclpy_minimal_action_server:/home/ubuntu/ros2_ws/install/examples_rclpy_minimal_action_client:/home/ubuntu/ros2_ws/install/examples_rclpy_guard_conditions:/home/ubuntu/ros2_ws/install/examples_rclpy_executors:/opt/ros/humble /usr/bin/cmake --install /home/ubuntu/ros2_ws/src/my_bot/build/my_bot
[0.324s] -- Install configuration: ""
[0.324s] -- Execute custom install script
[0.324s] -- Up-to-date symlink: /home/ubuntu/ros2_ws/src/my_bot/install/my_bot/share/my_bot/config/bridge.yaml
[0.324s] -- Up-to-date symlink: /home/ubuntu/ros2_ws/src/my_bot/install/my_bot/share/my_bot/config/empty.yaml
[0.324s] -- Up-to-date symlink: /home/ubuntu/ros2_ws/src/my_bot/install/my_bot/share/my_bot/config/view_bot.rviz
[0.432s] -- Up-to-date symlink: /home/ubuntu/ros2_ws/src/my_bot/install/my_bot/share/my_bot/description/gazebo_core.xacro
[0.433s] -- Up-to-date symlink: /home/ubuntu/ros2_ws/src/my_bot/install/my_bot/share/my_bot/description/inertial_macros.xacro
[0.435s] -- Up-to-date symlink: /home/ubuntu/ros2_ws/src/my_bot/install/my_bot/share/my_bot/description/robot.urdf.xacro
[0.439s] -- Up-to-date symlink: /home/ubuntu/ros2_ws/src/my_bot/install/my_bot/share/my_bot/description/robot_core.xacro
[0.439s] -- Up-to-date symlink: /home/ubuntu/ros2_ws/src/my_bot/install/my_bot/share/my_bot/launch/launch_sim.launch.py
[0.439s] -- Up-to-date symlink: /home/ubuntu/ros2_ws/src/my_bot/install/my_bot/share/my_bot/launch/rsp.launch.py
[0.440s] -- Up-to-date symlink: /home/ubuntu/ros2_ws/src/my_bot/install/my_bot/share/my_bot/worlds/empty.world
[0.442s] -- Up-to-date symlink: /home/ubuntu/ros2_ws/src/my_bot/install/my_bot/share/ament_index/resource_index/package_run_dependencies/my_bot
[0.443s] -- Up-to-date symlink: /home/ubuntu/ros2_ws/src/my_bot/install/my_bot/share/ament_index/resource_index/parent_prefix_path/my_bot
[0.445s] -- Up-to-date symlink: /home/ubuntu/ros2_ws/src/my_bot/install/my_bot/share/my_bot/environment/ament_prefix_path.sh
[0.446s] -- Up-to-date symlink: /home/ubuntu/ros2_ws/src/my_bot/install/my_bot/share/my_bot/environment/ament_prefix_path.dsv
[0.448s] -- Up-to-date symlink: /home/ubuntu/ros2_ws/src/my_bot/install/my_bot/share/my_bot/environment/path.sh
[0.449s] -- Up-to-date symlink: /home/ubuntu/ros2_ws/src/my_bot/install/my_bot/share/my_bot/environment/path.dsv
[0.450s] -- Up-to-date symlink: /home/ubuntu/ros2_ws/src/my_bot/install/my_bot/share/my_bot/local_setup.bash
[0.451s] -- Up-to-date symlink: /home/ubuntu/ros2_ws/src/my_bot/install/my_bot/share/my_bot/local_setup.sh
[0.452s] -- Up-to-date symlink: /home/ubuntu/ros2_ws/src/my_bot/install/my_bot/share/my_bot/local_setup.zsh
[0.454s] -- Up-to-date symlink: /home/ubuntu/ros2_ws/src/my_bot/install/my_bot/share/my_bot/local_setup.dsv
[0.454s] -- Symlinking: /home/ubuntu/ros2_ws/src/my_bot/install/my_bot/share/my_bot/package.dsv
[0.564s] -- Up-to-date symlink: /home/ubuntu/ros2_ws/src/my_bot/install/my_bot/share/ament_index/resource_index/packages/my_bot
[0.565s] -- Up-to-date symlink: /home/ubuntu/ros2_ws/src/my_bot/install/my_bot/share/my_bot/cmake/my_botConfig.cmake
[0.567s] -- Up-to-date symlink: /home/ubuntu/ros2_ws/src/my_bot/install/my_bot/share/my_bot/cmake/my_botConfig-version.cmake
[0.567s] -- Up-to-date symlink: /home/ubuntu/ros2_ws/src/my_bot/install/my_bot/share/my_bot/package.xml
[0.570s] Invoked command in '/home/ubuntu/ros2_ws/src/my_bot/build/my_bot' returned '0': CMAKE_PREFIX_PATH=${CMAKE_PREFIX_PATH}:/home/ubuntu/ros2_ws/install/launch_testing_examples:/home/ubuntu/ros2_ws/install/examples_rclpy_pointcloud_publisher:/home/ubuntu/ros2_ws/install/examples_rclpy_minimal_subscriber:/home/ubuntu/ros2_ws/install/examples_rclpy_minimal_service:/home/ubuntu/ros2_ws/install/examples_rclpy_minimal_publisher:/home/ubuntu/ros2_ws/install/examples_rclpy_minimal_client:/home/ubuntu/ros2_ws/install/examples_rclpy_minimal_action_server:/home/ubuntu/ros2_ws/install/examples_rclpy_minimal_action_client:/home/ubuntu/ros2_ws/install/examples_rclpy_guard_conditions:/home/ubuntu/ros2_ws/install/examples_rclpy_executors:/opt/ros/humble /usr/bin/cmake --install /home/ubuntu/ros2_ws/src/my_bot/build/my_bot
