[0.008s] Invoking command in '/home/ubuntu/ros2_ws/src/my_bot/build/my_bot': CMAKE_PREFIX_PATH=${CMAKE_PREFIX_PATH}:/home/ubuntu/ros2_ws/install/launch_testing_examples:/home/ubuntu/ros2_ws/install/examples_rclpy_pointcloud_publisher:/home/ubuntu/ros2_ws/install/examples_rclpy_minimal_subscriber:/home/ubuntu/ros2_ws/install/examples_rclpy_minimal_service:/home/ubuntu/ros2_ws/install/examples_rclpy_minimal_publisher:/home/ubuntu/ros2_ws/install/examples_rclpy_minimal_client:/home/ubuntu/ros2_ws/install/examples_rclpy_minimal_action_server:/home/ubuntu/ros2_ws/install/examples_rclpy_minimal_action_client:/home/ubuntu/ros2_ws/install/examples_rclpy_guard_conditions:/home/ubuntu/ros2_ws/install/examples_rclpy_executors:/opt/ros/humble /usr/bin/cmake /home/ubuntu/ros2_ws/src/my_bot -DCMAKE_INSTALL_PREFIX=/home/ubuntu/ros2_ws/src/my_bot/install/my_bot
[0.041s] -- Found ament_cmake: 1.3.11 (/opt/ros/humble/share/ament_cmake/cmake)
[0.217s] -- Override CMake install command with custom implementation using symlinks instead of copying resources
[0.255s] -- Found ament_lint_auto: 0.12.11 (/opt/ros/humble/share/ament_lint_auto/cmake)
[0.351s] -- Added test 'copyright' to check source files copyright and LICENSE
[0.393s] -- Added test 'cppcheck' to perform static code analysis on C / C++ code
[0.393s] -- Configured cppcheck include dirs: 
[0.393s] -- Configured cppcheck exclude dirs and/or files: 
[0.438s] -- Added test 'cpplint' to check C / C++ code against the Google style
[0.438s] -- Configured cpplint exclude dirs and/or files: 
[0.443s] -- Added test 'flake8' to check Python code syntax and style conventions
[0.453s] -- Added test 'lint_cmake' to check CMake code style
[0.459s] -- Added test 'pep257' to check Python code against some of the docstring style conventions in PEP 257
[0.506s] -- Added test 'uncrustify' to check C / C++ code style
[0.506s] -- Configured uncrustify additional arguments: 
[0.523s] -- Added test 'xmllint' to check XML markup files
[0.524s] -- Configuring done
[0.526s] -- Generating done
[0.527s] -- Build files have been written to: /home/ubuntu/ros2_ws/src/my_bot/build/my_bot
[0.529s] Invoked command in '/home/ubuntu/ros2_ws/src/my_bot/build/my_bot' returned '0': CMAKE_PREFIX_PATH=${CMAKE_PREFIX_PATH}:/home/ubuntu/ros2_ws/install/launch_testing_examples:/home/ubuntu/ros2_ws/install/examples_rclpy_pointcloud_publisher:/home/ubuntu/ros2_ws/install/examples_rclpy_minimal_subscriber:/home/ubuntu/ros2_ws/install/examples_rclpy_minimal_service:/home/ubuntu/ros2_ws/install/examples_rclpy_minimal_publisher:/home/ubuntu/ros2_ws/install/examples_rclpy_minimal_client:/home/ubuntu/ros2_ws/install/examples_rclpy_minimal_action_server:/home/ubuntu/ros2_ws/install/examples_rclpy_minimal_action_client:/home/ubuntu/ros2_ws/install/examples_rclpy_guard_conditions:/home/ubuntu/ros2_ws/install/examples_rclpy_executors:/opt/ros/humble /usr/bin/cmake /home/ubuntu/ros2_ws/src/my_bot -DCMAKE_INSTALL_PREFIX=/home/ubuntu/ros2_ws/src/my_bot/install/my_bot
[0.530s] Invoking command in '/home/ubuntu/ros2_ws/src/my_bot/build/my_bot': CMAKE_PREFIX_PATH=${CMAKE_PREFIX_PATH}:/home/ubuntu/ros2_ws/install/launch_testing_examples:/home/ubuntu/ros2_ws/install/examples_rclpy_pointcloud_publisher:/home/ubuntu/ros2_ws/install/examples_rclpy_minimal_subscriber:/home/ubuntu/ros2_ws/install/examples_rclpy_minimal_service:/home/ubuntu/ros2_ws/install/examples_rclpy_minimal_publisher:/home/ubuntu/ros2_ws/install/examples_rclpy_minimal_client:/home/ubuntu/ros2_ws/install/examples_rclpy_minimal_action_server:/home/ubuntu/ros2_ws/install/examples_rclpy_minimal_action_client:/home/ubuntu/ros2_ws/install/examples_rclpy_guard_conditions:/home/ubuntu/ros2_ws/install/examples_rclpy_executors:/opt/ros/humble /usr/bin/cmake --build /home/ubuntu/ros2_ws/src/my_bot/build/my_bot -- -j8 -l8
[0.556s] Invoked command in '/home/ubuntu/ros2_ws/src/my_bot/build/my_bot' returned '0': CMAKE_PREFIX_PATH=${CMAKE_PREFIX_PATH}:/home/ubuntu/ros2_ws/install/launch_testing_examples:/home/ubuntu/ros2_ws/install/examples_rclpy_pointcloud_publisher:/home/ubuntu/ros2_ws/install/examples_rclpy_minimal_subscriber:/home/ubuntu/ros2_ws/install/examples_rclpy_minimal_service:/home/ubuntu/ros2_ws/install/examples_rclpy_minimal_publisher:/home/ubuntu/ros2_ws/install/examples_rclpy_minimal_client:/home/ubuntu/ros2_ws/install/examples_rclpy_minimal_action_server:/home/ubuntu/ros2_ws/install/examples_rclpy_minimal_action_client:/home/ubuntu/ros2_ws/install/examples_rclpy_guard_conditions:/home/ubuntu/ros2_ws/install/examples_rclpy_executors:/opt/ros/humble /usr/bin/cmake --build /home/ubuntu/ros2_ws/src/my_bot/build/my_bot -- -j8 -l8
[0.562s] Invoking command in '/home/ubuntu/ros2_ws/src/my_bot/build/my_bot': CMAKE_PREFIX_PATH=${CMAKE_PREFIX_PATH}:/home/ubuntu/ros2_ws/install/launch_testing_examples:/home/ubuntu/ros2_ws/install/examples_rclpy_pointcloud_publisher:/home/ubuntu/ros2_ws/install/examples_rclpy_minimal_subscriber:/home/ubuntu/ros2_ws/install/examples_rclpy_minimal_service:/home/ubuntu/ros2_ws/install/examples_rclpy_minimal_publisher:/home/ubuntu/ros2_ws/install/examples_rclpy_minimal_client:/home/ubuntu/ros2_ws/install/examples_rclpy_minimal_action_server:/home/ubuntu/ros2_ws/install/examples_rclpy_minimal_action_client:/home/ubuntu/ros2_ws/install/examples_rclpy_guard_conditions:/home/ubuntu/ros2_ws/install/examples_rclpy_executors:/opt/ros/humble /usr/bin/cmake --install /home/ubuntu/ros2_ws/src/my_bot/build/my_bot
[0.567s] -- Install configuration: ""
[0.567s] -- Execute custom install script
[0.567s] -- Up-to-date symlink: /home/ubuntu/ros2_ws/src/my_bot/install/my_bot/share/my_bot/config/empty.yaml
[0.567s] -- Up-to-date symlink: /home/ubuntu/ros2_ws/src/my_bot/install/my_bot/share/my_bot/config/view_bot.rviz
[0.567s] -- Up-to-date symlink: /home/ubuntu/ros2_ws/src/my_bot/install/my_bot/share/my_bot/description/gazebo_core.xacro
[0.567s] -- Up-to-date symlink: /home/ubuntu/ros2_ws/src/my_bot/install/my_bot/share/my_bot/description/inertial_macros.xacro
[0.567s] -- Up-to-date symlink: /home/ubuntu/ros2_ws/src/my_bot/install/my_bot/share/my_bot/description/robot.urdf.xacro
[0.568s] -- Up-to-date symlink: /home/ubuntu/ros2_ws/src/my_bot/install/my_bot/share/my_bot/description/robot_core.xacro
[0.568s] -- Up-to-date symlink: /home/ubuntu/ros2_ws/src/my_bot/install/my_bot/share/my_bot/launch/launch_sim.launch.py
[0.568s] -- Up-to-date symlink: /home/ubuntu/ros2_ws/src/my_bot/install/my_bot/share/my_bot/launch/rsp.launch.py
[0.568s] -- Up-to-date symlink: /home/ubuntu/ros2_ws/src/my_bot/install/my_bot/share/my_bot/worlds/empty.world
[0.568s] -- Up-to-date symlink: /home/ubuntu/ros2_ws/src/my_bot/install/my_bot/share/ament_index/resource_index/package_run_dependencies/my_bot
[0.568s] -- Up-to-date symlink: /home/ubuntu/ros2_ws/src/my_bot/install/my_bot/share/ament_index/resource_index/parent_prefix_path/my_bot
[0.568s] -- Up-to-date symlink: /home/ubuntu/ros2_ws/src/my_bot/install/my_bot/share/my_bot/environment/ament_prefix_path.sh
[0.568s] -- Up-to-date symlink: /home/ubuntu/ros2_ws/src/my_bot/install/my_bot/share/my_bot/environment/ament_prefix_path.dsv
[0.568s] -- Up-to-date symlink: /home/ubuntu/ros2_ws/src/my_bot/install/my_bot/share/my_bot/environment/path.sh
[0.569s] -- Up-to-date symlink: /home/ubuntu/ros2_ws/src/my_bot/install/my_bot/share/my_bot/environment/path.dsv
[0.569s] -- Up-to-date symlink: /home/ubuntu/ros2_ws/src/my_bot/install/my_bot/share/my_bot/local_setup.bash
[0.569s] -- Up-to-date symlink: /home/ubuntu/ros2_ws/src/my_bot/install/my_bot/share/my_bot/local_setup.sh
[0.569s] -- Up-to-date symlink: /home/ubuntu/ros2_ws/src/my_bot/install/my_bot/share/my_bot/local_setup.zsh
[0.569s] -- Up-to-date symlink: /home/ubuntu/ros2_ws/src/my_bot/install/my_bot/share/my_bot/local_setup.dsv
[0.569s] -- Symlinking: /home/ubuntu/ros2_ws/src/my_bot/install/my_bot/share/my_bot/package.dsv
[0.575s] -- Up-to-date symlink: /home/ubuntu/ros2_ws/src/my_bot/install/my_bot/share/ament_index/resource_index/packages/my_bot
[0.575s] -- Up-to-date symlink: /home/ubuntu/ros2_ws/src/my_bot/install/my_bot/share/my_bot/cmake/my_botConfig.cmake
[0.575s] -- Up-to-date symlink: /home/ubuntu/ros2_ws/src/my_bot/install/my_bot/share/my_bot/cmake/my_botConfig-version.cmake
[0.575s] -- Up-to-date symlink: /home/ubuntu/ros2_ws/src/my_bot/install/my_bot/share/my_bot/package.xml
[0.576s] Invoked command in '/home/ubuntu/ros2_ws/src/my_bot/build/my_bot' returned '0': CMAKE_PREFIX_PATH=${CMAKE_PREFIX_PATH}:/home/ubuntu/ros2_ws/install/launch_testing_examples:/home/ubuntu/ros2_ws/install/examples_rclpy_pointcloud_publisher:/home/ubuntu/ros2_ws/install/examples_rclpy_minimal_subscriber:/home/ubuntu/ros2_ws/install/examples_rclpy_minimal_service:/home/ubuntu/ros2_ws/install/examples_rclpy_minimal_publisher:/home/ubuntu/ros2_ws/install/examples_rclpy_minimal_client:/home/ubuntu/ros2_ws/install/examples_rclpy_minimal_action_server:/home/ubuntu/ros2_ws/install/examples_rclpy_minimal_action_client:/home/ubuntu/ros2_ws/install/examples_rclpy_guard_conditions:/home/ubuntu/ros2_ws/install/examples_rclpy_executors:/opt/ros/humble /usr/bin/cmake --install /home/ubuntu/ros2_ws/src/my_bot/build/my_bot
